<html>
<body>
<pre>
<h1>µVision Build Log</h1>
<h2>Tool Versions:</h2>
IDE-Version: µVision V5.36.0.0
Copyright (C) 2021 ARM Ltd and ARM Germany GmbH. All rights reserved.
License Information: Mustafa Engin, Ege University, LIC=----
 
Tool Versions:
Toolchain:       MDK-Lite  Version: 5.36.0.0
Toolchain Path:  C:\Keil_v5\ARM\ARMCC\Bin
C Compiler:      Armcc.exe V5.06 update 7 (build 960)
Assembler:       Armasm.exe V5.06 update 7 (build 960)
Linker/Locator:  ArmLink.exe V5.06 update 7 (build 960)
Library Manager: ArmAr.exe V5.06 update 7 (build 960)
Hex Converter:   FromElf.exe V5.06 update 7 (build 960)
CPU DLL:         SARMCM3.DLL V5.36.0.0
Dialog DLL:      DCM.DLL V1.17.3.0
Target DLL:      STLink\ST-LINKIII-KEIL_SWO.dll V3.0.9.0
Dialog DLL:      TCM.DLL V1.53.0.0
 
<h2>Project:</h2>
C:\Yedek\2021_mkr\test_2022\MDK-ARM\test_2022.uvprojx
Project File Date:  03/15/2022

<h2>Output:</h2>
*** Using Compiler 'V5.06 update 7 (build 960)', folder: 'C:\Keil_v5\ARM\ARMCC\Bin'
Rebuild target 'test_2022'
assembling startup_stm32f411xe.s...
compiling stm32f4xx_it.c...
compiling main.c...
../Core/Inc/oled.h(130): warning:  #1295-D: Deprecated declaration ssd1306_I2C_Init - give arg types
  void ssd1306_I2C_Init();
../Core/Src/main.c(109): warning:  #188-D: enumerated type mixed with another type
  		SSD1306_Puts ("Mustafa", &Font_11x18, 1);
../Core/Src/main.c(112): warning:  #223-D: function "TestFilledCircles" declared implicitly
  		TestFilledCircles(20,1);
../Core/Src/main.c(114): warning:  #223-D: function "TestTriangles" declared implicitly
  		TestTriangles(1);
../Core/Src/main.c: 4 warnings, 0 errors
compiling stm32f4xx_hal_msp.c...
compiling fonts.c...
compiling i2c.c...
compiling oled.c...
../Core/Inc/oled.h(130): warning:  #1295-D: Deprecated declaration ssd1306_I2C_Init - give arg types
  void ssd1306_I2C_Init();
..\Core\Src\oled.c(152): warning:  #188-D: enumerated type mixed with another type
              if(byte & 0x80) SSD1306_DrawPixel(x+i, y, color);
..\Core\Src\oled.c(603): warning:  #188-D: enumerated type mixed with another type
  	SSD1306_Fill (0);
..\Core\Src\oled.c(628): warning:  #550-D: variable "dt"  was set but never used
  uint8_t dt[256];
..\Core\Src\oled.c: 4 warnings, 0 errors
compiling stm32f4xx_hal_i2c_ex.c...
compiling test.c...
../Core/Inc/oled.h(130): warning:  #1295-D: Deprecated declaration ssd1306_I2C_Init - give arg types
  void ssd1306_I2C_Init();
..\Core\Src\test.c(23): warning:  #188-D: enumerated type mixed with another type
      		SSD1306_DrawLine(x1, y1, x2, y2, color);
..\Core\Src\test.c(30): warning:  #188-D: enumerated type mixed with another type
      		SSD1306_DrawLine(x1, y1, x2, y2, color);
..\Core\Src\test.c(45): warning:  #188-D: enumerated type mixed with another type
      		SSD1306_DrawLine(x1, y1, x2, y2, color);
..\Core\Src\test.c(52): warning:  #188-D: enumerated type mixed with another type
      		SSD1306_DrawLine(x1, y1, x2, y2, color);
..\Core\Src\test.c(67): warning:  #188-D: enumerated type mixed with another type
      	SSD1306_DrawLine(x1, y1, x2, y2, color);
..\Core\Src\test.c(74): warning:  #188-D: enumerated type mixed with another type
      		SSD1306_DrawLine(x1, y1, x2, y2, color);
..\Core\Src\test.c(89): warning:  #188-D: enumerated type mixed with another type
      		SSD1306_DrawLine(x1, y1, x2, y2, color);
..\Core\Src\test.c(96): warning:  #188-D: enumerated type mixed with another type
      		SSD1306_DrawLine(x1, y1, x2, y2, color);
..\Core\Src\test.c(114): warning:  #188-D: enumerated type mixed with another type
          SSD1306_DrawRectangle((SSD1306_WIDTH/2) - i2, (SSD1306_HEIGHT/2) - i2, i, i, color);
..\Core\Src\test.c(132): warning:  #188-D: enumerated type mixed with another type
          SSD1306_DrawFilledRectangle(cx - i2, cy - i2, i, i, color);
..\Core\Src\test.c(148): warning:  #188-D: enumerated type mixed with another type
              SSD1306_DrawFilledCircle(x, y, radius, color);
..\Core\Src\test.c(167): warning:  #188-D: enumerated type mixed with another type
              SSD1306_DrawCircle(x, y, radius, color);
..\Core\Src\test.c(184): warning:  #188-D: enumerated type mixed with another type
          SSD1306_DrawTriangle(cx , cy - i, cx - i, cy + i, cx + i, cy + i, color);
..\Core\Src\test.c: 14 warnings, 0 errors
compiling stm32f4xx_hal_i2c.c...
compiling stm32f4xx_hal_rcc_ex.c...
compiling stm32f4xx_hal_rcc.c...
compiling stm32f4xx_hal_flash.c...
compiling stm32f4xx_hal_flash_ex.c...
compiling stm32f4xx_hal_flash_ramfunc.c...
compiling stm32f4xx_hal_gpio.c...
compiling stm32f4xx_hal_dma.c...
compiling stm32f4xx_hal_dma_ex.c...
compiling stm32f4xx_hal_pwr.c...
compiling stm32f4xx_hal_pwr_ex.c...
compiling stm32f4xx_hal_cortex.c...
compiling stm32f4xx_hal_tim.c...
compiling stm32f4xx_hal_exti.c...
compiling stm32f4xx_hal.c...
compiling stm32f4xx_hal_tim_ex.c...
compiling system_stm32f4xx.c...
compiling stm32f4xx_hal_uart.c...
linking...
Program Size: Code=10542 RO-data=4078 RW-data=40 ZI-data=2840  
FromELF: creating hex file...
"test_2022\test_2022.axf" - 0 Error(s), 22 Warning(s).

<h2>Software Packages used:</h2>

Package Vendor: ARM
                http://www.keil.com/pack/ARM.CMSIS.5.8.0.pack
                ARM.CMSIS.5.8.0
                CMSIS (Common Microcontroller Software Interface Standard)
   * Component: CORE Version: 5.5.0

Package Vendor: Keil
                http://www.keil.com/pack/Keil.STM32F4xx_DFP.2.15.0.pack
                Keil.STM32F4xx_DFP.2.15.0
                STMicroelectronics STM32F4 Series Device Support, Drivers and Examples

<h2>Collection of Component include folders:</h2>
  .\RTE\_test_2022
  C:\Users\Asus\AppData\Local\Arm\Packs\ARM\CMSIS\5.8.0\CMSIS\Core\Include
  C:\Users\Asus\AppData\Local\Arm\Packs\Keil\STM32F4xx_DFP\2.15.0\Drivers\CMSIS\Device\ST\STM32F4xx\Include

<h2>Collection of Component Files used:</h2>

   * Component: ARM::CMSIS:CORE:5.5.0
      Include file:  CMSIS\Core\Include\tz_context.h
Build Time Elapsed:  00:00:19
</pre>
</body>
</html>
